g++ : C:\Users\PC\Desktop\hero 
realm\Hero-Realms\source\effets\EffetAssomerChampion.cpp: In member 
function 'virtual void EffetAssomerChampion::activerEffet(Player&, 
Game&)':
Au caractère Ligne:1 : 96
+ ... ullName }); g++ -std=c++17 -Iinclude $files tools/card_demo.cpp -O0 
- ...
+                 
~~~~~~~~~~~~~~~~~~~~~~~~~~~~~~~~~~~~~~~~~~~~~~~~~~~~~~~~~
    + CategoryInfo          : NotSpecified: (C:\Users\PC\Des...ayer&, Gam 
   e&)'::String) [], RemoteException
    + FullyQualifiedErrorId : NativeCommandError
 
C:\Users\PC\Desktop\hero 
realm\Hero-Realms\source\effets\EffetAssomerChampion.cpp:9:23: error: 
invalid use of incomplete type 'class Game'
    9 |     for(auto& player: game.getPlayers()){
      |                       ^~~~
In file included from C:/Users/PC/Desktop/hero 
realm/Hero-Realms/include/effets/EffetAssomerChampion.hpp:4,
                 from C:\Users\PC\Desktop\hero 
realm\Hero-Realms\source\effets\EffetAssomerChampion.cpp:1:
C:/Users/PC/Desktop/hero realm/Hero-Realms/include/Effet.hpp:7:7: note: 
forward declaration of 'class Game'
    7 | class Game;
      |       ^~~~
C:\Users\PC\Desktop\hero 
realm\Hero-Realms\source\effets\EffetAssomerChampion.cpp:10:30: error: 
invalid use of incomplete type 'class Player'
   10 |         if(player.getId() != proprietaire.getId()){
      |                              ^~~~~~~~~~~~
C:/Users/PC/Desktop/hero realm/Hero-Realms/include/Effet.hpp:6:7: note: 
forward declaration of 'class Player'
    6 | class Player;
      |       ^~~~~~
C:\Users\PC\Desktop\hero 
realm\Hero-Realms\source\effets\EffetAssomerChampion.cpp:15:18: error: 
invalid use of incomplete type 'class Player'
   15 |     if(adversaire->getChampionsEnJeu().empty()) {
      |                  ^~
C:/Users/PC/Desktop/hero realm/Hero-Realms/include/Effet.hpp:6:7: note: 
forward declaration of 'class Player'
    6 | class Player;
      |       ^~~~~~
C:\Users\PC\Desktop\hero 
realm\Hero-Realms\source\effets\EffetAssomerChampion.cpp:20:42: error: 
invalid use of incomplete type 'class Player'
   20 |     for(const auto& champPtr : adversaire->getChampionsEnJeu()) {
      |                                          ^~
C:/Users/PC/Desktop/hero realm/Hero-Realms/include/Effet.hpp:6:7: note: 
forward declaration of 'class Player'
    6 | class Player;
      |       ^~~~~~
C:\Users\PC\Desktop\hero 
realm\Hero-Realms\source\effets\EffetAssomerChampion.cpp:21:35: error: 
'Champion' does not name a type
   21 |         auto champ = dynamic_cast<Champion*>(champPtr.get());
      |                                   ^~~~~~~~
C:\Users\PC\Desktop\hero 
realm\Hero-Realms\source\effets\EffetAssomerChampion.cpp:21:43: error: 
expected '>' before '*' token
   21 |         auto champ = dynamic_cast<Champion*>(champPtr.get());
      |                                           ^
C:\Users\PC\Desktop\hero 
realm\Hero-Realms\source\effets\EffetAssomerChampion.cpp:29:19: error: 
invalid use of incomplete type 'class Player'
   29 |         adversaire->afficherChampionsEnJeu();
      |                   ^~
C:/Users/PC/Desktop/hero realm/Hero-Realms/include/Effet.hpp:6:7: note: 
forward declaration of 'class Player'
    6 | class Player;
      |       ^~~~~~
C:\Users\PC\Desktop\hero 
realm\Hero-Realms\source\effets\EffetAssomerChampion.cpp:30:14: error: 
'vector' is not a member of 'std'
   30 |         std::vector<int> gardesIndices;
      |              ^~~~~~
C:\Users\PC\Desktop\hero 
realm\Hero-Realms\source\effets\EffetAssomerChampion.cpp:4:1: note: 
'std::vector' is defined in header '<vector>'; this is probably fixable 
by adding '#include <vector>'
    3 | #include <algorithm>
  +++ |+#include <vector>
    4 | 
C:\Users\PC\Desktop\hero 
realm\Hero-Realms\source\effets\EffetAssomerChampion.cpp:30:21: error: 
expected primary-expression before 'int'
   30 |         std::vector<int> gardesIndices;
      |                     ^~~
C:\Users\PC\Desktop\hero 
realm\Hero-Realms\source\effets\EffetAssomerChampion.cpp:31:41: error: 
invalid use of incomplete type 'class Player'
   31 |         for(size_t i = 0; i < 
adversaire->getChampionsEnJeu().size(); ++i) {
      |                                         ^~
C:/Users/PC/Desktop/hero realm/Hero-Realms/include/Effet.hpp:6:7: note: 
forward declaration of 'class Player'
    6 | class Player;
      |       ^~~~~~
C:\Users\PC\Desktop\hero 
realm\Hero-Realms\source\effets\EffetAssomerChampion.cpp:32:39: error: 
'Champion' does not name a type
   32 |             auto champ = 
dynamic_cast<Champion*>(adversaire->getChampionsEnJeu()[i].get());
      |                                       ^~~~~~~~
C:\Users\PC\Desktop\hero 
realm\Hero-Realms\source\effets\EffetAssomerChampion.cpp:32:47: error: 
expected '>' before '*' token
   32 |             auto champ = 
dynamic_cast<Champion*>(adversaire->getChampionsEnJeu()[i].get());
      |                                               ^
C:\Users\PC\Desktop\hero 
realm\Hero-Realms\source\effets\EffetAssomerChampion.cpp:32:60: error: 
invalid use of incomplete type 'class Player'
   32 |             auto champ = 
dynamic_cast<Champion*>(adversaire->getChampionsEnJeu()[i].get());
      |                                                            ^~
C:/Users/PC/Desktop/hero realm/Hero-Realms/include/Effet.hpp:6:7: note: 
forward declaration of 'class Player'
    6 | class Player;
      |       ^~~~~~
C:\Users\PC\Desktop\hero 
realm\Hero-Realms\source\effets\EffetAssomerChampion.cpp:34:17: error: 
'gardesIndices' was not declared in this scope
   34 |                 gardesIndices.push_back(i);
      |                 ^~~~~~~~~~~~~
C:\Users\PC\Desktop\hero 
realm\Hero-Realms\source\effets\EffetAssomerChampion.cpp:40:25: error: 
'gardesIndices' was not declared in this scope
   40 |         while(std::find(gardesIndices.begin(), 
gardesIndices.end(), index - 1) == gardesIndices.end()) {
      |                         ^~~~~~~~~~~~~
C:\Users\PC\Desktop\hero 
realm\Hero-Realms\source\effets\EffetAssomerChampion.cpp:45:15: error: 
invalid use of incomplete type 'class Player'
   45 |     adversaire->getDefausse().push_back(std::move(adversaire->getC
hampionsEnJeu()[index-1]));
      |               ^~
C:/Users/PC/Desktop/hero realm/Hero-Realms/include/Effet.hpp:6:7: note: 
forward declaration of 'class Player'
    6 | class Player;
      |       ^~~~~~
C:\Users\PC\Desktop\hero 
realm\Hero-Realms\source\effets\EffetAssomerChampion.cpp:45:61: error: 
invalid use of incomplete type 'class Player'
   45 |     adversaire->getDefausse().push_back(std::move(adversaire->getC
hampionsEnJeu()[index-1]));
      |                                                             ^~
C:/Users/PC/Desktop/hero realm/Hero-Realms/include/Effet.hpp:6:7: note: 
forward declaration of 'class Player'
    6 | class Player;
      |       ^~~~~~
C:\Users\PC\Desktop\hero 
realm\Hero-Realms\source\effets\EffetAssomerChampion.cpp:46:15: error: 
invalid use of incomplete type 'class Player'
   46 |     adversaire->getChampionsEnJeu().erase(adversaire->getChampions
EnJeu().begin()+(index-1));
      |               ^~
C:/Users/PC/Desktop/hero realm/Hero-Realms/include/Effet.hpp:6:7: note: 
forward declaration of 'class Player'
    6 | class Player;
      |       ^~~~~~
C:\Users\PC\Desktop\hero 
realm\Hero-Realms\source\effets\EffetAssomerChampion.cpp:46:53: error: 
invalid use of incomplete type 'class Player'
   46 |     adversaire->getChampionsEnJeu().erase(adversaire->getChampions
EnJeu().begin()+(index-1));
      |                                                     ^~
C:/Users/PC/Desktop/hero realm/Hero-Realms/include/Effet.hpp:6:7: note: 
forward declaration of 'class Player'
    6 | class Player;
      |       ^~~~~~
C:\Users\PC\Desktop\hero 
realm\Hero-Realms\source\effets\EffetAssomerChampion.cpp:50:15: error: 
invalid use of incomplete type 'class Player'
   50 |     adversaire->afficherChampionsEnJeu();
      |               ^~
C:/Users/PC/Desktop/hero realm/Hero-Realms/include/Effet.hpp:6:7: note: 
forward declaration of 'class Player'
    6 | class Player;
      |       ^~~~~~
C:\Users\PC\Desktop\hero 
realm\Hero-Realms\source\effets\EffetAssomerChampion.cpp:54:48: error: 
invalid use of incomplete type 'class Player'
   54 |     while(index < 0 || index >= 
(int)adversaire->getChampionsEnJeu().size()) {
      |                                                ^~
C:/Users/PC/Desktop/hero realm/Hero-Realms/include/Effet.hpp:6:7: note: 
forward declaration of 'class Player'
    6 | class Player;
      |       ^~~~~~
C:\Users\PC\Desktop\hero 
realm\Hero-Realms\source\effets\EffetAssomerChampion.cpp:59:15: error: 
invalid use of incomplete type 'class Player'
   59 |     adversaire->getDefausse().push_back(std::move(adversaire->getC
hampionsEnJeu()[index-1]));
      |               ^~
C:/Users/PC/Desktop/hero realm/Hero-Realms/include/Effet.hpp:6:7: note: 
forward declaration of 'class Player'
    6 | class Player;
      |       ^~~~~~
C:\Users\PC\Desktop\hero 
realm\Hero-Realms\source\effets\EffetAssomerChampion.cpp:59:61: error: 
invalid use of incomplete type 'class Player'
   59 |     adversaire->getDefausse().push_back(std::move(adversaire->getC
hampionsEnJeu()[index-1]));
      |                                                             ^~
C:/Users/PC/Desktop/hero realm/Hero-Realms/include/Effet.hpp:6:7: note: 
forward declaration of 'class Player'
    6 | class Player;
      |       ^~~~~~
C:\Users\PC\Desktop\hero 
realm\Hero-Realms\source\effets\EffetAssomerChampion.cpp:60:15: error: 
invalid use of incomplete type 'class Player'
   60 |     adversaire->getChampionsEnJeu().erase(adversaire->getChampions
EnJeu().begin()+(index-1));
      |               ^~
C:/Users/PC/Desktop/hero realm/Hero-Realms/include/Effet.hpp:6:7: note: 
forward declaration of 'class Player'
    6 | class Player;
      |       ^~~~~~
C:\Users\PC\Desktop\hero 
realm\Hero-Realms\source\effets\EffetAssomerChampion.cpp:60:53: error: 
invalid use of incomplete type 'class Player'
   60 |     adversaire->getChampionsEnJeu().erase(adversaire->getChampions
EnJeu().begin()+(index-1));
      |                                                     ^~
C:/Users/PC/Desktop/hero realm/Hero-Realms/include/Effet.hpp:6:7: note: 
forward declaration of 'class Player'
    6 | class Player;
      |       ^~~~~~
C:\Users\PC\Desktop\hero 
realm\Hero-Realms\source\effets\EffetPiocherCarte.cpp: In member function 
'virtual void EffetPiocherCarte::activerEffet(Player&, Game&)':
C:\Users\PC\Desktop\hero 
realm\Hero-Realms\source\effets\EffetPiocherCarte.cpp:6:5: error: invalid 
use of incomplete type 'class Player'
    6 |     proprietaire.piocherCarte(nb);
      |     ^~~~~~~~~~~~
In file included from C:/Users/PC/Desktop/hero 
realm/Hero-Realms/include/effets/EffetPiocherCarte.hpp:3,
                 from C:\Users\PC\Desktop\hero 
realm\Hero-Realms\source\effets\EffetPiocherCarte.cpp:1:
C:/Users/PC/Desktop/hero realm/Hero-Realms/include/Effet.hpp:6:7: note: 
forward declaration of 'class Player'
    6 | class Player;
      |       ^~~~~~
C:\Users\PC\Desktop\hero 
realm\Hero-Realms\source\effets\EffetTopDeckFromDiscard.cpp: In member 
function 'virtual void EffetTopDeckFromDiscard::activerEffet(Player&, 
Game&)':
C:\Users\PC\Desktop\hero 
realm\Hero-Realms\source\effets\EffetTopDeckFromDiscard.cpp:8:22: error: 
invalid use of incomplete type 'class Player'
    8 |     for(size_t i=0;i<proprietaire.getDefausse().size();++i){
      |                      ^~~~~~~~~~~~
In file included from C:/Users/PC/Desktop/hero 
realm/Hero-Realms/include/effets/EffetTopDeckFromDiscard.hpp:4,
                 from C:\Users\PC\Desktop\hero 
realm\Hero-Realms\source\effets\EffetTopDeckFromDiscard.cpp:1:
C:/Users/PC/Desktop/hero realm/Hero-Realms/include/Effet.hpp:6:7: note: 
forward declaration of 'class Player'
    6 | class Player;
      |       ^~~~~~
C:\Users\PC\Desktop\hero 
realm\Hero-Realms\source\effets\EffetTopDeckFromDiscard.cpp:9:37: error: 
invalid use of incomplete type 'class Player'
    9 |         std::cout << i+1 << ": " << 
proprietaire.getDefausse()[i]->getNom() << "\n";
      |                                     ^~~~~~~~~~~~
C:/Users/PC/Desktop/hero realm/Hero-Realms/include/Effet.hpp:6:7: note: 
forward declaration of 'class Player'
    6 | class Player;
      |       ^~~~~~
C:\Users\PC\Desktop\hero 
realm\Hero-Realms\source\effets\EffetTopDeckFromDiscard.cpp:13:33: error: 
invalid use of incomplete type 'class Player'
   13 |     while(choix<1 || 
choix>(int)proprietaire.getDefausse().size()){
      |                                 ^~~~~~~~~~~~
C:/Users/PC/Desktop/hero realm/Hero-Realms/include/Effet.hpp:6:7: note: 
forward declaration of 'class Player'
    6 | class Player;
      |       ^~~~~~
C:\Users\PC\Desktop\hero 
realm\Hero-Realms\source\effets\EffetTopDeckFromDiscard.cpp:17:5: error: 
invalid use of incomplete type 'class Player'
   17 |     proprietaire.getDeck().push_back(std::move(proprietaire.getDef
ausse()[choix-1]));
      |     ^~~~~~~~~~~~
C:/Users/PC/Desktop/hero realm/Hero-Realms/include/Effet.hpp:6:7: note: 
forward declaration of 'class Player'
    6 | class Player;
      |       ^~~~~~
C:\Users\PC\Desktop\hero 
realm\Hero-Realms\source\effets\EffetTopDeckFromDiscard.cpp:17:48: error: 
invalid use of incomplete type 'class Player'
   17 |     proprietaire.getDeck().push_back(std::move(proprietaire.getDef
ausse()[choix-1]));
      |                                                ^~~~~~~~~~~~
C:/Users/PC/Desktop/hero realm/Hero-Realms/include/Effet.hpp:6:7: note: 
forward declaration of 'class Player'
    6 | class Player;
      |       ^~~~~~
C:\Users\PC\Desktop\hero 
realm\Hero-Realms\source\effets\EffetTopDeckFromDiscard.cpp:18:5: error: 
invalid use of incomplete type 'class Player'
   18 |     proprietaire.getDefausse().erase(proprietaire.getDefausse().be
gin()+(choix-1));
      |     ^~~~~~~~~~~~
C:/Users/PC/Desktop/hero realm/Hero-Realms/include/Effet.hpp:6:7: note: 
forward declaration of 'class Player'
    6 | class Player;
      |       ^~~~~~
C:\Users\PC\Desktop\hero 
realm\Hero-Realms\source\effets\EffetTopDeckFromDiscard.cpp:18:38: error: 
invalid use of incomplete type 'class Player'
   18 |     proprietaire.getDefausse().erase(proprietaire.getDefausse().be
gin()+(choix-1));
      |                                      ^~~~~~~~~~~~
C:/Users/PC/Desktop/hero realm/Hero-Realms/include/Effet.hpp:6:7: note: 
forward declaration of 'class Player'
    6 | class Player;
      |       ^~~~~~
C:\Users\PC\Desktop\hero 
realm\Hero-Realms\source\effets\EffetTopDeckNextAcquired.cpp: In member 
function 'virtual void EffetTopDeckNextAcquired::activerEffet(Player&, 
Game&)':
C:\Users\PC\Desktop\hero 
realm\Hero-Realms\source\effets\EffetTopDeckNextAcquired.cpp:8:5: error: 
invalid use of incomplete type 'class Player'
    8 |     proprietaire.setNextAcquiredToTopDeck(true);
      |     ^~~~~~~~~~~~
In file included from C:/Users/PC/Desktop/hero 
realm/Hero-Realms/include/effets/EffetTopDeckNextAcquired.hpp:4,
                 from C:\Users\PC\Desktop\hero 
realm\Hero-Realms\source\effets\EffetTopDeckNextAcquired.cpp:1:
C:/Users/PC/Desktop/hero realm/Hero-Realms/include/Effet.hpp:6:7: note: 
forward declaration of 'class Player'
    6 | class Player;
      |       ^~~~~~
